Archive member included to satisfy reference by file (symbol)

c:/program files (x86)/atmel/studio/7.0/toolchain/avr8/avr8-gnu-toolchain/bin/../lib/gcc/avr/5.4.0/avr5\libgcc.a(_divmodsi4.o)
                              Hal/Lcd/Lcd.o (__divmodsi4)
c:/program files (x86)/atmel/studio/7.0/toolchain/avr8/avr8-gnu-toolchain/bin/../lib/gcc/avr/5.4.0/avr5\libgcc.a(_negsi2.o)
                              c:/program files (x86)/atmel/studio/7.0/toolchain/avr8/avr8-gnu-toolchain/bin/../lib/gcc/avr/5.4.0/avr5\libgcc.a(_divmodsi4.o) (__negsi2)
c:/program files (x86)/atmel/studio/7.0/toolchain/avr8/avr8-gnu-toolchain/bin/../lib/gcc/avr/5.4.0/avr5\libgcc.a(_exit.o)
                              C:/Program Files (x86)/Atmel/Studio/7.0/Packs/atmel/ATmega_DFP/1.7.374/gcc/dev/atmega32/avr5/crtatmega32.o (exit)
c:/program files (x86)/atmel/studio/7.0/toolchain/avr8/avr8-gnu-toolchain/bin/../lib/gcc/avr/5.4.0/avr5\libgcc.a(_tablejump2.o)
                              App/main.o (__tablejump2__)
c:/program files (x86)/atmel/studio/7.0/toolchain/avr8/avr8-gnu-toolchain/bin/../lib/gcc/avr/5.4.0/avr5\libgcc.a(_copy_data.o)
                              App/main.o (__do_copy_data)
c:/program files (x86)/atmel/studio/7.0/toolchain/avr8/avr8-gnu-toolchain/bin/../lib/gcc/avr/5.4.0/avr5\libgcc.a(_clear_bss.o)
                              App/main.o (__do_clear_bss)
c:/program files (x86)/atmel/studio/7.0/toolchain/avr8/avr8-gnu-toolchain/bin/../lib/gcc/avr/5.4.0/avr5\libgcc.a(_umulhisi3.o)
                              App/main.o (__umulhisi3)
c:/program files (x86)/atmel/studio/7.0/toolchain/avr8/avr8-gnu-toolchain/bin/../lib/gcc/avr/5.4.0/avr5\libgcc.a(_udivmodsi4.o)
                              c:/program files (x86)/atmel/studio/7.0/toolchain/avr8/avr8-gnu-toolchain/bin/../lib/gcc/avr/5.4.0/avr5\libgcc.a(_divmodsi4.o) (__udivmodsi4)

Allocating common symbols
Common symbol       size              file

Gloable_u16_Analog_MV
                    0x2               App/main.o
Gloable_u8_temp     0x1               App/main.o
Gloable_u8_AC_Flag  0x1               App/main.o
Local_u8_Variable13
                    0x1               App/main.o

Discarded input sections

 .data          0x00000000        0x0 C:/Program Files (x86)/Atmel/Studio/7.0/Packs/atmel/ATmega_DFP/1.7.374/gcc/dev/atmega32/avr5/crtatmega32.o
 .bss           0x00000000        0x0 C:/Program Files (x86)/Atmel/Studio/7.0/Packs/atmel/ATmega_DFP/1.7.374/gcc/dev/atmega32/avr5/crtatmega32.o
 .text          0x00000000        0x0 App/main.o
 .data          0x00000000        0x0 App/main.o
 .bss           0x00000000        0x0 App/main.o
 .text          0x00000000        0x0 Hal/Buzzer/Buzzer.o
 .data          0x00000000        0x0 Hal/Buzzer/Buzzer.o
 .bss           0x00000000        0x0 Hal/Buzzer/Buzzer.o
 .text.H_Buzzer_Off
                0x00000000        0xa Hal/Buzzer/Buzzer.o
 .text.H_Buzzer_Tog
                0x00000000        0x8 Hal/Buzzer/Buzzer.o
 .text.H_Buzzer_BeepShort
                0x00000000       0x1c Hal/Buzzer/Buzzer.o
 .text.H_Buzzer_BeepLong
                0x00000000       0x1c Hal/Buzzer/Buzzer.o
 .text.H_Buzzer_BeepTwice
                0x00000000       0x1c Hal/Buzzer/Buzzer.o
 .text.H_Buzzer_BeepTriple
                0x00000000       0x32 Hal/Buzzer/Buzzer.o
 .text          0x00000000        0x0 Hal/EEPROM/EEPROM_program.o
 .data          0x00000000        0x0 Hal/EEPROM/EEPROM_program.o
 .bss           0x00000000        0x0 Hal/EEPROM/EEPROM_program.o
 .text.EEPROM_WriteByte
                0x00000000       0x3c Hal/EEPROM/EEPROM_program.o
 .text.EEPROM_ReadByte
                0x00000000       0x4a Hal/EEPROM/EEPROM_program.o
 .text          0x00000000        0x0 Hal/HC-05/HC05.o
 .data          0x00000000        0x0 Hal/HC-05/HC05.o
 .bss           0x00000000        0x0 Hal/HC-05/HC05.o
 .text.HC05_Tx  0x00000000        0x6 Hal/HC-05/HC05.o
 .text          0x00000000        0x0 Hal/H_Bridge/H_Bridge.o
 .data          0x00000000        0x0 Hal/H_Bridge/H_Bridge.o
 .bss           0x00000000        0x0 Hal/H_Bridge/H_Bridge.o
 .text.H_H_Bridge_CH1_Change_Direction
                0x00000000       0x1a Hal/H_Bridge/H_Bridge.o
 .text.H_H_Bridge_CH2_EN
                0x00000000       0x1a Hal/H_Bridge/H_Bridge.o
 .text.H_H_Bridge_CH2_Change_Direction
                0x00000000       0x1a Hal/H_Bridge/H_Bridge.o
 .text.H_H_Bridge_CH2_Break
                0x00000000       0x1a Hal/H_Bridge/H_Bridge.o
 .text          0x00000000        0x0 Hal/KeyPad/KeyPad.o
 .data          0x00000000        0x0 Hal/KeyPad/KeyPad.o
 .bss           0x00000000        0x0 Hal/KeyPad/KeyPad.o
 .text          0x00000000        0x0 Hal/Lcd/Lcd.o
 .data          0x00000000        0x0 Hal/Lcd/Lcd.o
 .bss           0x00000000        0x0 Hal/Lcd/Lcd.o
 .text.H_Lcd_WriteNumber
                0x00000000       0xd8 Hal/Lcd/Lcd.o
 .text.H_Lcd_ShiftRight
                0x00000000        0x8 Hal/Lcd/Lcd.o
 .text.H_Lcd_ShiftLeft
                0x00000000        0x8 Hal/Lcd/Lcd.o
 .text          0x00000000        0x0 Hal/Led/Led.o
 .data          0x00000000        0x0 Hal/Led/Led.o
 .bss           0x00000000        0x0 Hal/Led/Led.o
 .text.H_Led_Tog
                0x00000000       0x24 Hal/Led/Led.o
 .text.H_Led_BlinkOnce
                0x00000000       0x78 Hal/Led/Led.o
 .text.H_Led_BlinkTwice
                0x00000000       0x24 Hal/Led/Led.o
 .text          0x00000000        0x0 Hal/PushButton/PushButton.o
 .data          0x00000000        0x0 Hal/PushButton/PushButton.o
 .bss           0x00000000        0x0 Hal/PushButton/PushButton.o
 .text.H_PushButton_Init
                0x00000000       0x2a Hal/PushButton/PushButton.o
 .text.H_PushButtonRead
                0x00000000       0xc8 Hal/PushButton/PushButton.o
 .debug_info    0x00000000      0x2eb Hal/PushButton/PushButton.o
 .debug_abbrev  0x00000000      0x138 Hal/PushButton/PushButton.o
 .debug_loc     0x00000000      0x1b6 Hal/PushButton/PushButton.o
 .debug_aranges
                0x00000000       0x28 Hal/PushButton/PushButton.o
 .debug_ranges  0x00000000       0x18 Hal/PushButton/PushButton.o
 .debug_line    0x00000000      0x1f0 Hal/PushButton/PushButton.o
 .debug_str     0x00000000      0x239 Hal/PushButton/PushButton.o
 .comment       0x00000000       0x31 Hal/PushButton/PushButton.o
 .debug_frame   0x00000000       0x34 Hal/PushButton/PushButton.o
 .text          0x00000000        0x0 Hal/Relay/Relay.o
 .data          0x00000000        0x0 Hal/Relay/Relay.o
 .bss           0x00000000        0x0 Hal/Relay/Relay.o
 .text.H_Relay_Init
                0x00000000        0xa Hal/Relay/Relay.o
 .text.H_Relay_On
                0x00000000        0xa Hal/Relay/Relay.o
 .text.H_Relay_Off
                0x00000000        0xa Hal/Relay/Relay.o
 .text.H_Relay_Tog
                0x00000000        0x8 Hal/Relay/Relay.o
 .debug_info    0x00000000      0x140 Hal/Relay/Relay.o
 .debug_abbrev  0x00000000       0x64 Hal/Relay/Relay.o
 .debug_aranges
                0x00000000       0x38 Hal/Relay/Relay.o
 .debug_ranges  0x00000000       0x28 Hal/Relay/Relay.o
 .debug_line    0x00000000       0x9f Hal/Relay/Relay.o
 .debug_str     0x00000000      0x1af Hal/Relay/Relay.o
 .comment       0x00000000       0x31 Hal/Relay/Relay.o
 .debug_frame   0x00000000       0x54 Hal/Relay/Relay.o
 .text          0x00000000        0x0 Hal/SevenSegmet/SevenSegment.o
 .data          0x00000000        0x0 Hal/SevenSegmet/SevenSegment.o
 .bss           0x00000000        0x0 Hal/SevenSegmet/SevenSegment.o
 .text.H_Segment_Init
                0x00000000       0x32 Hal/SevenSegmet/SevenSegment.o
 .text.H_Segment_En
                0x00000000       0x42 Hal/SevenSegmet/SevenSegment.o
 .text.H_Segment_Display1Number
                0x00000000      0x168 Hal/SevenSegmet/SevenSegment.o
 .progmem.gcc_sw_table.H_Segment_Display1Number
                0x00000000       0x14 Hal/SevenSegmet/SevenSegment.o
 .text.H_Segment_CountNumber
                0x00000000       0xda Hal/SevenSegmet/SevenSegment.o
 .text.H_Segment_Display2Number
                0x00000000       0x50 Hal/SevenSegmet/SevenSegment.o
 .text.H_Segment_PbCounting
                0x00000000       0xa8 Hal/SevenSegmet/SevenSegment.o
 .debug_info    0x00000000      0xaa4 Hal/SevenSegmet/SevenSegment.o
 .debug_abbrev  0x00000000      0x186 Hal/SevenSegmet/SevenSegment.o
 .debug_loc     0x00000000      0x620 Hal/SevenSegmet/SevenSegment.o
 .debug_aranges
                0x00000000       0x48 Hal/SevenSegmet/SevenSegment.o
 .debug_ranges  0x00000000       0x50 Hal/SevenSegmet/SevenSegment.o
 .debug_line    0x00000000      0x501 Hal/SevenSegmet/SevenSegment.o
 .debug_str     0x00000000      0x336 Hal/SevenSegmet/SevenSegment.o
 .comment       0x00000000       0x31 Hal/SevenSegmet/SevenSegment.o
 .debug_frame   0x00000000       0xac Hal/SevenSegmet/SevenSegment.o
 .text          0x00000000        0x0 Mcal/ADC/ADC.o
 .data          0x00000000        0x0 Mcal/ADC/ADC.o
 .bss           0x00000000        0x0 Mcal/ADC/ADC.o
 .text.M_ADC_StartConversionSynch
                0x00000000       0x72 Mcal/ADC/ADC.o
 .text          0x00000000        0x0 Mcal/Dio/Dio.o
 .data          0x00000000        0x0 Mcal/Dio/Dio.o
 .bss           0x00000000        0x0 Mcal/Dio/Dio.o
 .text.M_Dio_PortMode
                0x00000000       0x5e Mcal/Dio/Dio.o
 .text.M_Dio_PortWrite
                0x00000000       0x26 Mcal/Dio/Dio.o
 .text.M_Dio_PinTog
                0x00000000       0x94 Mcal/Dio/Dio.o
 .text          0x00000000        0x0 Mcal/EXTI/EXTI.o
 .data          0x00000000        0x0 Mcal/EXTI/EXTI.o
 .bss           0x00000000        0x0 Mcal/EXTI/EXTI.o
 .text.M_EXTI_EnableInt
                0x00000000       0x2e Mcal/EXTI/EXTI.o
 .text.M_EXTI_DisableInt
                0x00000000       0x2e Mcal/EXTI/EXTI.o
 .text.M_EXTI_SetSenseControl
                0x00000000       0xdc Mcal/EXTI/EXTI.o
 .text          0x00000000        0x0 Mcal/GIE/GIE.o
 .data          0x00000000        0x0 Mcal/GIE/GIE.o
 .bss           0x00000000        0x0 Mcal/GIE/GIE.o
 .text.M_GIE_DisableGlobal
                0x00000000        0x4 Mcal/GIE/GIE.o
 .text          0x00000000        0x0 Mcal/I2C/I2C_program.o
 .data          0x00000000        0x0 Mcal/I2C/I2C_program.o
 .bss           0x00000000        0x0 Mcal/I2C/I2C_program.o
 .text.I2C_InitMaster
                0x00000000       0x1e Mcal/I2C/I2C_program.o
 .text.I2C_InitSlave
                0x00000000       0x16 Mcal/I2C/I2C_program.o
 .text.I2C_SendStartCondition
                0x00000000       0x1c Mcal/I2C/I2C_program.o
 .text.I2C_SendRepStartCondition
                0x00000000       0x1c Mcal/I2C/I2C_program.o
 .text.I2C_SendStopCondition
                0x00000000        0xe Mcal/I2C/I2C_program.o
 .text.I2C_SendSlaveAddWithWrite
                0x00000000       0x26 Mcal/I2C/I2C_program.o
 .text.I2C_SendSlaveAddWithRead
                0x00000000       0x26 Mcal/I2C/I2C_program.o
 .text.I2C_SendMasterDataByte
                0x00000000       0x18 Mcal/I2C/I2C_program.o
 .text.I2C_ReadMasterDataByte
                0x00000000       0x1c Mcal/I2C/I2C_program.o
 .debug_info    0x00000000      0x19c Mcal/I2C/I2C_program.o
 .debug_abbrev  0x00000000       0x78 Mcal/I2C/I2C_program.o
 .debug_loc     0x00000000       0xb8 Mcal/I2C/I2C_program.o
 .debug_aranges
                0x00000000       0x60 Mcal/I2C/I2C_program.o
 .debug_ranges  0x00000000       0x50 Mcal/I2C/I2C_program.o
 .debug_line    0x00000000      0x219 Mcal/I2C/I2C_program.o
 .debug_str     0x00000000      0x23a Mcal/I2C/I2C_program.o
 .comment       0x00000000       0x31 Mcal/I2C/I2C_program.o
 .debug_frame   0x00000000       0xa4 Mcal/I2C/I2C_program.o
 .text          0x00000000        0x0 Mcal/SPI/SPI_Program.o
 .data          0x00000000        0x0 Mcal/SPI/SPI_Program.o
 .bss           0x00000000        0x0 Mcal/SPI/SPI_Program.o
 .text.M_SPI_InitMaster
                0x00000000       0x5a Mcal/SPI/SPI_Program.o
 .text.M_SPI_InitSlave
                0x00000000       0x40 Mcal/SPI/SPI_Program.o
 .text.SPI_Transieve
                0x00000000        0xa Mcal/SPI/SPI_Program.o
 .debug_info    0x00000000      0x205 Mcal/SPI/SPI_Program.o
 .debug_abbrev  0x00000000       0xe1 Mcal/SPI/SPI_Program.o
 .debug_loc     0x00000000       0x1f Mcal/SPI/SPI_Program.o
 .debug_aranges
                0x00000000       0x30 Mcal/SPI/SPI_Program.o
 .debug_ranges  0x00000000       0x20 Mcal/SPI/SPI_Program.o
 .debug_line    0x00000000      0x142 Mcal/SPI/SPI_Program.o
 .debug_str     0x00000000      0x1cc Mcal/SPI/SPI_Program.o
 .comment       0x00000000       0x31 Mcal/SPI/SPI_Program.o
 .debug_frame   0x00000000       0x44 Mcal/SPI/SPI_Program.o
 .text          0x00000000        0x0 Mcal/TIMER/TIMER.o
 .data          0x00000000        0x0 Mcal/TIMER/TIMER.o
 .bss           0x00000000        0x0 Mcal/TIMER/TIMER.o
 .text.TIMER0_OVF_SetCallBack
                0x00000000        0xe Mcal/TIMER/TIMER.o
 .text.TIMER1_SetCompVal
                0x00000000        0x6 Mcal/TIMER/TIMER.o
 .text.TIMER1_SetTimerVal
                0x00000000        0x6 Mcal/TIMER/TIMER.o
 .text.TIMER1_GetTimerReading
                0x00000000        0x6 Mcal/TIMER/TIMER.o
 .text          0x00000000        0x0 Mcal/UART/UART.o
 .data          0x00000000        0x0 Mcal/UART/UART.o
 .bss           0x00000000        0x0 Mcal/UART/UART.o
 .text          0x00000000        0x0 c:/program files (x86)/atmel/studio/7.0/toolchain/avr8/avr8-gnu-toolchain/bin/../lib/gcc/avr/5.4.0/avr5\libgcc.a(_divmodsi4.o)
 .data          0x00000000        0x0 c:/program files (x86)/atmel/studio/7.0/toolchain/avr8/avr8-gnu-toolchain/bin/../lib/gcc/avr/5.4.0/avr5\libgcc.a(_divmodsi4.o)
 .bss           0x00000000        0x0 c:/program files (x86)/atmel/studio/7.0/toolchain/avr8/avr8-gnu-toolchain/bin/../lib/gcc/avr/5.4.0/avr5\libgcc.a(_divmodsi4.o)
 .text.libgcc.mul
                0x00000000        0x0 c:/program files (x86)/atmel/studio/7.0/toolchain/avr8/avr8-gnu-toolchain/bin/../lib/gcc/avr/5.4.0/avr5\libgcc.a(_divmodsi4.o)
 .text.libgcc.div
                0x00000000       0x2e c:/program files (x86)/atmel/studio/7.0/toolchain/avr8/avr8-gnu-toolchain/bin/../lib/gcc/avr/5.4.0/avr5\libgcc.a(_divmodsi4.o)
 .text.libgcc   0x00000000        0x0 c:/program files (x86)/atmel/studio/7.0/toolchain/avr8/avr8-gnu-toolchain/bin/../lib/gcc/avr/5.4.0/avr5\libgcc.a(_divmodsi4.o)
 .text.libgcc.prologue
                0x00000000        0x0 c:/program files (x86)/atmel/studio/7.0/toolchain/avr8/avr8-gnu-toolchain/bin/../lib/gcc/avr/5.4.0/avr5\libgcc.a(_divmodsi4.o)
 .text.libgcc.builtins
                0x00000000        0x0 c:/program files (x86)/atmel/studio/7.0/toolchain/avr8/avr8-gnu-toolchain/bin/../lib/gcc/avr/5.4.0/avr5\libgcc.a(_divmodsi4.o)
 .text.libgcc.fmul
                0x00000000        0x0 c:/program files (x86)/atmel/studio/7.0/toolchain/avr8/avr8-gnu-toolchain/bin/../lib/gcc/avr/5.4.0/avr5\libgcc.a(_divmodsi4.o)
 .text.libgcc.fixed
                0x00000000        0x0 c:/program files (x86)/atmel/studio/7.0/toolchain/avr8/avr8-gnu-toolchain/bin/../lib/gcc/avr/5.4.0/avr5\libgcc.a(_divmodsi4.o)
 .text          0x00000000        0x0 c:/program files (x86)/atmel/studio/7.0/toolchain/avr8/avr8-gnu-toolchain/bin/../lib/gcc/avr/5.4.0/avr5\libgcc.a(_negsi2.o)
 .data          0x00000000        0x0 c:/program files (x86)/atmel/studio/7.0/toolchain/avr8/avr8-gnu-toolchain/bin/../lib/gcc/avr/5.4.0/avr5\libgcc.a(_negsi2.o)
 .bss           0x00000000        0x0 c:/program files (x86)/atmel/studio/7.0/toolchain/avr8/avr8-gnu-toolchain/bin/../lib/gcc/avr/5.4.0/avr5\libgcc.a(_negsi2.o)
 .text.libgcc.mul
                0x00000000        0x0 c:/program files (x86)/atmel/studio/7.0/toolchain/avr8/avr8-gnu-toolchain/bin/../lib/gcc/avr/5.4.0/avr5\libgcc.a(_negsi2.o)
 .text.libgcc.div
                0x00000000       0x10 c:/program files (x86)/atmel/studio/7.0/toolchain/avr8/avr8-gnu-toolchain/bin/../lib/gcc/avr/5.4.0/avr5\libgcc.a(_negsi2.o)
 .text.libgcc   0x00000000        0x0 c:/program files (x86)/atmel/studio/7.0/toolchain/avr8/avr8-gnu-toolchain/bin/../lib/gcc/avr/5.4.0/avr5\libgcc.a(_negsi2.o)
 .text.libgcc.prologue
                0x00000000        0x0 c:/program files (x86)/atmel/studio/7.0/toolchain/avr8/avr8-gnu-toolchain/bin/../lib/gcc/avr/5.4.0/avr5\libgcc.a(_negsi2.o)
 .text.libgcc.builtins
                0x00000000        0x0 c:/program files (x86)/atmel/studio/7.0/toolchain/avr8/avr8-gnu-toolchain/bin/../lib/gcc/avr/5.4.0/avr5\libgcc.a(_negsi2.o)
 .text.libgcc.fmul
                0x00000000        0x0 c:/program files (x86)/atmel/studio/7.0/toolchain/avr8/avr8-gnu-toolchain/bin/../lib/gcc/avr/5.4.0/avr5\libgcc.a(_negsi2.o)
 .text.libgcc.fixed
                0x00000000        0x0 c:/program files (x86)/atmel/studio/7.0/toolchain/avr8/avr8-gnu-toolchain/bin/../lib/gcc/avr/5.4.0/avr5\libgcc.a(_negsi2.o)
 .text          0x00000000        0x0 c:/program files (x86)/atmel/studio/7.0/toolchain/avr8/avr8-gnu-toolchain/bin/../lib/gcc/avr/5.4.0/avr5\libgcc.a(_exit.o)
 .data          0x00000000        0x0 c:/program files (x86)/atmel/studio/7.0/toolchain/avr8/avr8-gnu-toolchain/bin/../lib/gcc/avr/5.4.0/avr5\libgcc.a(_exit.o)
 .bss           0x00000000        0x0 c:/program files (x86)/atmel/studio/7.0/toolchain/avr8/avr8-gnu-toolchain/bin/../lib/gcc/avr/5.4.0/avr5\libgcc.a(_exit.o)
 .text.libgcc.mul
                0x00000000        0x0 c:/program files (x86)/atmel/studio/7.0/toolchain/avr8/avr8-gnu-toolchain/bin/../lib/gcc/avr/5.4.0/avr5\libgcc.a(_exit.o)
 .text.libgcc.div
                0x00000000        0x0 c:/program files (x86)/atmel/studio/7.0/toolchain/avr8/avr8-gnu-toolchain/bin/../lib/gcc/avr/5.4.0/avr5\libgcc.a(_exit.o)
 .text.libgcc   0x00000000        0x0 c:/program files (x86)/atmel/studio/7.0/toolchain/avr8/avr8-gnu-toolchain/bin/../lib/gcc/avr/5.4.0/avr5\libgcc.a(_exit.o)
 .text.libgcc.prologue
                0x00000000        0x0 c:/program files (x86)/atmel/studio/7.0/toolchain/avr8/avr8-gnu-toolchain/bin/../lib/gcc/avr/5.4.0/avr5\libgcc.a(_exit.o)
 .text.libgcc.builtins
                0x00000000        0x0 c:/program files (x86)/atmel/studio/7.0/toolchain/avr8/avr8-gnu-toolchain/bin/../lib/gcc/avr/5.4.0/avr5\libgcc.a(_exit.o)
 .text.libgcc.fmul
                0x00000000        0x0 c:/program files (x86)/atmel/studio/7.0/toolchain/avr8/avr8-gnu-toolchain/bin/../lib/gcc/avr/5.4.0/avr5\libgcc.a(_exit.o)
 .text.libgcc.fixed
                0x00000000        0x0 c:/program files (x86)/atmel/studio/7.0/toolchain/avr8/avr8-gnu-toolchain/bin/../lib/gcc/avr/5.4.0/avr5\libgcc.a(_exit.o)
 .text          0x00000000        0x0 c:/program files (x86)/atmel/studio/7.0/toolchain/avr8/avr8-gnu-toolchain/bin/../lib/gcc/avr/5.4.0/avr5\libgcc.a(_tablejump2.o)
 .data          0x00000000        0x0 c:/program files (x86)/atmel/studio/7.0/toolchain/avr8/avr8-gnu-toolchain/bin/../lib/gcc/avr/5.4.0/avr5\libgcc.a(_tablejump2.o)
 .bss           0x00000000        0x0 c:/program files (x86)/atmel/studio/7.0/toolchain/avr8/avr8-gnu-toolchain/bin/../lib/gcc/avr/5.4.0/avr5\libgcc.a(_tablejump2.o)
 .text.libgcc.mul
                0x00000000        0x0 c:/program files (x86)/atmel/studio/7.0/toolchain/avr8/avr8-gnu-toolchain/bin/../lib/gcc/avr/5.4.0/avr5\libgcc.a(_tablejump2.o)
 .text.libgcc.div
                0x00000000        0x0 c:/program files (x86)/atmel/studio/7.0/toolchain/avr8/avr8-gnu-toolchain/bin/../lib/gcc/avr/5.4.0/avr5\libgcc.a(_tablejump2.o)
 .text.libgcc.prologue
                0x00000000        0x0 c:/program files (x86)/atmel/studio/7.0/toolchain/avr8/avr8-gnu-toolchain/bin/../lib/gcc/avr/5.4.0/avr5\libgcc.a(_tablejump2.o)
 .text.libgcc.builtins
                0x00000000        0x0 c:/program files (x86)/atmel/studio/7.0/toolchain/avr8/avr8-gnu-toolchain/bin/../lib/gcc/avr/5.4.0/avr5\libgcc.a(_tablejump2.o)
 .text.libgcc.fmul
                0x00000000        0x0 c:/program files (x86)/atmel/studio/7.0/toolchain/avr8/avr8-gnu-toolchain/bin/../lib/gcc/avr/5.4.0/avr5\libgcc.a(_tablejump2.o)
 .text.libgcc.fixed
                0x00000000        0x0 c:/program files (x86)/atmel/studio/7.0/toolchain/avr8/avr8-gnu-toolchain/bin/../lib/gcc/avr/5.4.0/avr5\libgcc.a(_tablejump2.o)
 .text          0x00000000        0x0 c:/program files (x86)/atmel/studio/7.0/toolchain/avr8/avr8-gnu-toolchain/bin/../lib/gcc/avr/5.4.0/avr5\libgcc.a(_copy_data.o)
 .data          0x00000000        0x0 c:/program files (x86)/atmel/studio/7.0/toolchain/avr8/avr8-gnu-toolchain/bin/../lib/gcc/avr/5.4.0/avr5\libgcc.a(_copy_data.o)
 .bss           0x00000000        0x0 c:/program files (x86)/atmel/studio/7.0/toolchain/avr8/avr8-gnu-toolchain/bin/../lib/gcc/avr/5.4.0/avr5\libgcc.a(_copy_data.o)
 .text.libgcc.mul
                0x00000000        0x0 c:/program files (x86)/atmel/studio/7.0/toolchain/avr8/avr8-gnu-toolchain/bin/../lib/gcc/avr/5.4.0/avr5\libgcc.a(_copy_data.o)
 .text.libgcc.div
                0x00000000        0x0 c:/program files (x86)/atmel/studio/7.0/toolchain/avr8/avr8-gnu-toolchain/bin/../lib/gcc/avr/5.4.0/avr5\libgcc.a(_copy_data.o)
 .text.libgcc   0x00000000        0x0 c:/program files (x86)/atmel/studio/7.0/toolchain/avr8/avr8-gnu-toolchain/bin/../lib/gcc/avr/5.4.0/avr5\libgcc.a(_copy_data.o)
 .text.libgcc.prologue
                0x00000000        0x0 c:/program files (x86)/atmel/studio/7.0/toolchain/avr8/avr8-gnu-toolchain/bin/../lib/gcc/avr/5.4.0/avr5\libgcc.a(_copy_data.o)
 .text.libgcc.builtins
                0x00000000        0x0 c:/program files (x86)/atmel/studio/7.0/toolchain/avr8/avr8-gnu-toolchain/bin/../lib/gcc/avr/5.4.0/avr5\libgcc.a(_copy_data.o)
 .text.libgcc.fmul
                0x00000000        0x0 c:/program files (x86)/atmel/studio/7.0/toolchain/avr8/avr8-gnu-toolchain/bin/../lib/gcc/avr/5.4.0/avr5\libgcc.a(_copy_data.o)
 .text.libgcc.fixed
                0x00000000        0x0 c:/program files (x86)/atmel/studio/7.0/toolchain/avr8/avr8-gnu-toolchain/bin/../lib/gcc/avr/5.4.0/avr5\libgcc.a(_copy_data.o)
 .text          0x00000000        0x0 c:/program files (x86)/atmel/studio/7.0/toolchain/avr8/avr8-gnu-toolchain/bin/../lib/gcc/avr/5.4.0/avr5\libgcc.a(_clear_bss.o)
 .data          0x00000000        0x0 c:/program files (x86)/atmel/studio/7.0/toolchain/avr8/avr8-gnu-toolchain/bin/../lib/gcc/avr/5.4.0/avr5\libgcc.a(_clear_bss.o)
 .bss           0x00000000        0x0 c:/program files (x86)/atmel/studio/7.0/toolchain/avr8/avr8-gnu-toolchain/bin/../lib/gcc/avr/5.4.0/avr5\libgcc.a(_clear_bss.o)
 .text.libgcc.mul
                0x00000000        0x0 c:/program files (x86)/atmel/studio/7.0/toolchain/avr8/avr8-gnu-toolchain/bin/../lib/gcc/avr/5.4.0/avr5\libgcc.a(_clear_bss.o)
 .text.libgcc.div
                0x00000000        0x0 c:/program files (x86)/atmel/studio/7.0/toolchain/avr8/avr8-gnu-toolchain/bin/../lib/gcc/avr/5.4.0/avr5\libgcc.a(_clear_bss.o)
 .text.libgcc   0x00000000        0x0 c:/program files (x86)/atmel/studio/7.0/toolchain/avr8/avr8-gnu-toolchain/bin/../lib/gcc/avr/5.4.0/avr5\libgcc.a(_clear_bss.o)
 .text.libgcc.prologue
                0x00000000        0x0 c:/program files (x86)/atmel/studio/7.0/toolchain/avr8/avr8-gnu-toolchain/bin/../lib/gcc/avr/5.4.0/avr5\libgcc.a(_clear_bss.o)
 .text.libgcc.builtins
                0x00000000        0x0 c:/program files (x86)/atmel/studio/7.0/toolchain/avr8/avr8-gnu-toolchain/bin/../lib/gcc/avr/5.4.0/avr5\libgcc.a(_clear_bss.o)
 .text.libgcc.fmul
                0x00000000        0x0 c:/program files (x86)/atmel/studio/7.0/toolchain/avr8/avr8-gnu-toolchain/bin/../lib/gcc/avr/5.4.0/avr5\libgcc.a(_clear_bss.o)
 .text.libgcc.fixed
                0x00000000        0x0 c:/program files (x86)/atmel/studio/7.0/toolchain/avr8/avr8-gnu-toolchain/bin/../lib/gcc/avr/5.4.0/avr5\libgcc.a(_clear_bss.o)
 .text          0x00000000        0x0 c:/program files (x86)/atmel/studio/7.0/toolchain/avr8/avr8-gnu-toolchain/bin/../lib/gcc/avr/5.4.0/avr5\libgcc.a(_umulhisi3.o)
 .data          0x00000000        0x0 c:/program files (x86)/atmel/studio/7.0/toolchain/avr8/avr8-gnu-toolchain/bin/../lib/gcc/avr/5.4.0/avr5\libgcc.a(_umulhisi3.o)
 .bss           0x00000000        0x0 c:/program files (x86)/atmel/studio/7.0/toolchain/avr8/avr8-gnu-toolchain/bin/../lib/gcc/avr/5.4.0/avr5\libgcc.a(_umulhisi3.o)
 .text.libgcc.div
                0x00000000        0x0 c:/program files (x86)/atmel/studio/7.0/toolchain/avr8/avr8-gnu-toolchain/bin/../lib/gcc/avr/5.4.0/avr5\libgcc.a(_umulhisi3.o)
 .text.libgcc   0x00000000        0x0 c:/program files (x86)/atmel/studio/7.0/toolchain/avr8/avr8-gnu-toolchain/bin/../lib/gcc/avr/5.4.0/avr5\libgcc.a(_umulhisi3.o)
 .text.libgcc.prologue
                0x00000000        0x0 c:/program files (x86)/atmel/studio/7.0/toolchain/avr8/avr8-gnu-toolchain/bin/../lib/gcc/avr/5.4.0/avr5\libgcc.a(_umulhisi3.o)
 .text.libgcc.builtins
                0x00000000        0x0 c:/program files (x86)/atmel/studio/7.0/toolchain/avr8/avr8-gnu-toolchain/bin/../lib/gcc/avr/5.4.0/avr5\libgcc.a(_umulhisi3.o)
 .text.libgcc.fmul
                0x00000000        0x0 c:/program files (x86)/atmel/studio/7.0/toolchain/avr8/avr8-gnu-toolchain/bin/../lib/gcc/avr/5.4.0/avr5\libgcc.a(_umulhisi3.o)
 .text.libgcc.fixed
                0x00000000        0x0 c:/program files (x86)/atmel/studio/7.0/toolchain/avr8/avr8-gnu-toolchain/bin/../lib/gcc/avr/5.4.0/avr5\libgcc.a(_umulhisi3.o)
 .text          0x00000000        0x0 c:/program files (x86)/atmel/studio/7.0/toolchain/avr8/avr8-gnu-toolchain/bin/../lib/gcc/avr/5.4.0/avr5\libgcc.a(_udivmodsi4.o)
 .data          0x00000000        0x0 c:/program files (x86)/atmel/studio/7.0/toolchain/avr8/avr8-gnu-toolchain/bin/../lib/gcc/avr/5.4.0/avr5\libgcc.a(_udivmodsi4.o)
 .bss           0x00000000        0x0 c:/program files (x86)/atmel/studio/7.0/toolchain/avr8/avr8-gnu-toolchain/bin/../lib/gcc/avr/5.4.0/avr5\libgcc.a(_udivmodsi4.o)
 .text.libgcc.mul
                0x00000000        0x0 c:/program files (x86)/atmel/studio/7.0/toolchain/avr8/avr8-gnu-toolchain/bin/../lib/gcc/avr/5.4.0/avr5\libgcc.a(_udivmodsi4.o)
 .text.libgcc.div
                0x00000000       0x44 c:/program files (x86)/atmel/studio/7.0/toolchain/avr8/avr8-gnu-toolchain/bin/../lib/gcc/avr/5.4.0/avr5\libgcc.a(_udivmodsi4.o)
 .text.libgcc   0x00000000        0x0 c:/program files (x86)/atmel/studio/7.0/toolchain/avr8/avr8-gnu-toolchain/bin/../lib/gcc/avr/5.4.0/avr5\libgcc.a(_udivmodsi4.o)
 .text.libgcc.prologue
                0x00000000        0x0 c:/program files (x86)/atmel/studio/7.0/toolchain/avr8/avr8-gnu-toolchain/bin/../lib/gcc/avr/5.4.0/avr5\libgcc.a(_udivmodsi4.o)
 .text.libgcc.builtins
                0x00000000        0x0 c:/program files (x86)/atmel/studio/7.0/toolchain/avr8/avr8-gnu-toolchain/bin/../lib/gcc/avr/5.4.0/avr5\libgcc.a(_udivmodsi4.o)
 .text.libgcc.fmul
                0x00000000        0x0 c:/program files (x86)/atmel/studio/7.0/toolchain/avr8/avr8-gnu-toolchain/bin/../lib/gcc/avr/5.4.0/avr5\libgcc.a(_udivmodsi4.o)
 .text.libgcc.fixed
                0x00000000        0x0 c:/program files (x86)/atmel/studio/7.0/toolchain/avr8/avr8-gnu-toolchain/bin/../lib/gcc/avr/5.4.0/avr5\libgcc.a(_udivmodsi4.o)

Memory Configuration

Name             Origin             Length             Attributes
text             0x00000000         0x00008000         xr
data             0x00800060         0x00000800         rw !x
eeprom           0x00810000         0x00000400         rw !x
fuse             0x00820000         0x00000002         rw !x
lock             0x00830000         0x00000400         rw !x
signature        0x00840000         0x00000400         rw !x
user_signatures  0x00850000         0x00000400         rw !x
*default*        0x00000000         0xffffffff

Linker script and memory map

LOAD C:/Program Files (x86)/Atmel/Studio/7.0/Packs/atmel/ATmega_DFP/1.7.374/gcc/dev/atmega32/avr5/crtatmega32.o
LOAD App/main.o
LOAD Hal/Buzzer/Buzzer.o
LOAD Hal/EEPROM/EEPROM_program.o
LOAD Hal/HC-05/HC05.o
LOAD Hal/H_Bridge/H_Bridge.o
LOAD Hal/KeyPad/KeyPad.o
LOAD Hal/Lcd/Lcd.o
LOAD Hal/Led/Led.o
LOAD Hal/PushButton/PushButton.o
LOAD Hal/Relay/Relay.o
LOAD Hal/SevenSegmet/SevenSegment.o
LOAD Mcal/ADC/ADC.o
LOAD Mcal/Dio/Dio.o
LOAD Mcal/EXTI/EXTI.o
LOAD Mcal/GIE/GIE.o
LOAD Mcal/I2C/I2C_program.o
LOAD Mcal/SPI/SPI_Program.o
LOAD Mcal/TIMER/TIMER.o
LOAD Mcal/UART/UART.o
START GROUP
LOAD c:/program files (x86)/atmel/studio/7.0/toolchain/avr8/avr8-gnu-toolchain/bin/../lib/gcc/avr/5.4.0/../../../../avr/lib/avr5\libm.a
END GROUP
START GROUP
LOAD c:/program files (x86)/atmel/studio/7.0/toolchain/avr8/avr8-gnu-toolchain/bin/../lib/gcc/avr/5.4.0/avr5\libgcc.a
LOAD c:/program files (x86)/atmel/studio/7.0/toolchain/avr8/avr8-gnu-toolchain/bin/../lib/gcc/avr/5.4.0/../../../../avr/lib/avr5\libm.a
LOAD c:/program files (x86)/atmel/studio/7.0/toolchain/avr8/avr8-gnu-toolchain/bin/../lib/gcc/avr/5.4.0/../../../../avr/lib/avr5\libc.a
LOAD C:/Program Files (x86)/Atmel/Studio/7.0/Packs/atmel/ATmega_DFP/1.7.374/gcc/dev/atmega32/avr5\libatmega32.a
END GROUP
                0x00000000                __TEXT_REGION_ORIGIN__ = DEFINED (__TEXT_REGION_ORIGIN__)?__TEXT_REGION_ORIGIN__:0x0
                [0x00800060]                __DATA_REGION_ORIGIN__ = DEFINED (__DATA_REGION_ORIGIN__)?__DATA_REGION_ORIGIN__:0x800060
                [0x00008000]                __TEXT_REGION_LENGTH__ = DEFINED (__TEXT_REGION_LENGTH__)?__TEXT_REGION_LENGTH__:0x20000
                [0x00000800]                __DATA_REGION_LENGTH__ = DEFINED (__DATA_REGION_LENGTH__)?__DATA_REGION_LENGTH__:0xffa0
                [0x00000400]                __EEPROM_REGION_LENGTH__ = DEFINED (__EEPROM_REGION_LENGTH__)?__EEPROM_REGION_LENGTH__:0x10000
                [0x00000002]                __FUSE_REGION_LENGTH__ = DEFINED (__FUSE_REGION_LENGTH__)?__FUSE_REGION_LENGTH__:0x400
                0x00000400                __LOCK_REGION_LENGTH__ = DEFINED (__LOCK_REGION_LENGTH__)?__LOCK_REGION_LENGTH__:0x400
                0x00000400                __SIGNATURE_REGION_LENGTH__ = DEFINED (__SIGNATURE_REGION_LENGTH__)?__SIGNATURE_REGION_LENGTH__:0x400
                0x00000400                __USER_SIGNATURE_REGION_LENGTH__ = DEFINED (__USER_SIGNATURE_REGION_LENGTH__)?__USER_SIGNATURE_REGION_LENGTH__:0x400

.hash
 *(.hash)

.dynsym
 *(.dynsym)

.dynstr
 *(.dynstr)

.gnu.version
 *(.gnu.version)

.gnu.version_d
 *(.gnu.version_d)

.gnu.version_r
 *(.gnu.version_r)

.rel.init
 *(.rel.init)

.rela.init
 *(.rela.init)

.rel.text
 *(.rel.text)
 *(.rel.text.*)
 *(.rel.gnu.linkonce.t*)

.rela.text
 *(.rela.text)
 *(.rela.text.*)
 *(.rela.gnu.linkonce.t*)

.rel.fini
 *(.rel.fini)

.rela.fini
 *(.rela.fini)

.rel.rodata
 *(.rel.rodata)
 *(.rel.rodata.*)
 *(.rel.gnu.linkonce.r*)

.rela.rodata
 *(.rela.rodata)
 *(.rela.rodata.*)
 *(.rela.gnu.linkonce.r*)

.rel.data
 *(.rel.data)
 *(.rel.data.*)
 *(.rel.gnu.linkonce.d*)

.rela.data
 *(.rela.data)
 *(.rela.data.*)
 *(.rela.gnu.linkonce.d*)

.rel.ctors
 *(.rel.ctors)

.rela.ctors
 *(.rela.ctors)

.rel.dtors
 *(.rel.dtors)

.rela.dtors
 *(.rela.dtors)

.rel.got
 *(.rel.got)

.rela.got
 *(.rela.got)

.rel.bss
 *(.rel.bss)

.rela.bss
 *(.rela.bss)

.rel.plt
 *(.rel.plt)

.rela.plt
 *(.rela.plt)

.text           0x00000000     0x19ca
 *(.vectors)
 .vectors       0x00000000       0x54 C:/Program Files (x86)/Atmel/Studio/7.0/Packs/atmel/ATmega_DFP/1.7.374/gcc/dev/atmega32/avr5/crtatmega32.o
                0x00000000                __vector_default
                0x00000000                __vectors
 *(.vectors)
 *(.progmem.gcc*)
 .progmem.gcc_sw_table.Dim_Light_Control
                0x00000054       0x14 App/main.o
                0x00000068                . = ALIGN (0x2)
                0x00000068                __trampolines_start = .
 *(.trampolines)
 .trampolines   0x00000068        0x0 linker stubs
 *(.trampolines*)
                0x00000068                __trampolines_end = .
 *libprintf_flt.a:*(.progmem.data)
 *libc.a:*(.progmem.data)
 *(.progmem*)
                0x00000068                . = ALIGN (0x2)
 *(.jumptables)
 *(.jumptables*)
 *(.lowtext)
 *(.lowtext*)
                0x00000068                __ctors_start = .
 *(.ctors)
                0x00000068                __ctors_end = .
                0x00000068                __dtors_start = .
 *(.dtors)
                0x00000068                __dtors_end = .
 SORT(*)(.ctors)
 SORT(*)(.dtors)
 *(.init0)
 .init0         0x00000068        0x0 C:/Program Files (x86)/Atmel/Studio/7.0/Packs/atmel/ATmega_DFP/1.7.374/gcc/dev/atmega32/avr5/crtatmega32.o
                0x00000068                __init
 *(.init0)
 *(.init1)
 *(.init1)
 *(.init2)
 .init2         0x00000068        0xc C:/Program Files (x86)/Atmel/Studio/7.0/Packs/atmel/ATmega_DFP/1.7.374/gcc/dev/atmega32/avr5/crtatmega32.o
 *(.init2)
 *(.init3)
 *(.init3)
 *(.init4)
 .init4         0x00000074       0x16 c:/program files (x86)/atmel/studio/7.0/toolchain/avr8/avr8-gnu-toolchain/bin/../lib/gcc/avr/5.4.0/avr5\libgcc.a(_copy_data.o)
                0x00000074                __do_copy_data
 .init4         0x0000008a       0x10 c:/program files (x86)/atmel/studio/7.0/toolchain/avr8/avr8-gnu-toolchain/bin/../lib/gcc/avr/5.4.0/avr5\libgcc.a(_clear_bss.o)
                0x0000008a                __do_clear_bss
 *(.init4)
 *(.init5)
 *(.init5)
 *(.init6)
 *(.init6)
 *(.init7)
 *(.init7)
 *(.init8)
 *(.init8)
 *(.init9)
 .init9         0x0000009a        0x8 C:/Program Files (x86)/Atmel/Studio/7.0/Packs/atmel/ATmega_DFP/1.7.374/gcc/dev/atmega32/avr5/crtatmega32.o
 *(.init9)
 *(.text)
 .text          0x000000a2        0x4 C:/Program Files (x86)/Atmel/Studio/7.0/Packs/atmel/ATmega_DFP/1.7.374/gcc/dev/atmega32/avr5/crtatmega32.o
                0x000000a2                __vector_12
                0x000000a2                __bad_interrupt
                0x000000a2                __vector_6
                0x000000a2                __vector_13
                0x000000a2                __vector_17
                0x000000a2                __vector_19
                0x000000a2                __vector_7
                0x000000a2                __vector_5
                0x000000a2                __vector_4
                0x000000a2                __vector_15
                0x000000a2                __vector_8
                0x000000a2                __vector_14
                0x000000a2                __vector_10
                0x000000a2                __vector_18
                0x000000a2                __vector_20
                0x000000a6                . = ALIGN (0x2)
 *(.text.*)
 .text.ADC_ISR  0x000000a6       0x48 App/main.o
                0x000000a6                ADC_ISR
 .text.X_ISR    0x000000ee       0x1a App/main.o
                0x000000ee                X_ISR
 .text.LCD_Welcome
                0x00000108       0x8c App/main.o
                0x00000108                LCD_Welcome
 .text.Door_Control
                0x00000194       0x8e App/main.o
                0x00000194                Door_Control
 .text.Light_Control
                0x00000222       0x6e App/main.o
                0x00000222                Light_Control
 .text.Dim_Light_Control
                0x00000290       0x80 App/main.o
                0x00000290                Dim_Light_Control
 .text.AirCond_control
                0x00000310       0x10 App/main.o
                0x00000310                AirCond_control
 .text.TimerISR
                0x00000320       0x2a App/main.o
                0x00000320                TimerISR
 .text.AirCond_EN
                0x0000034a       0xd6 App/main.o
                0x0000034a                AirCond_EN
 .text.main     0x00000420      0x8f0 App/main.o
                0x00000420                main
 .text.H_Buzzer_Init
                0x00000d10        0xa Hal/Buzzer/Buzzer.o
                0x00000d10                H_Buzzer_Init
 .text.H_Buzzer_On
                0x00000d1a        0xa Hal/Buzzer/Buzzer.o
                0x00000d1a                H_Buzzer_On
 .text.EEPROMINT_WriteByte
                0x00000d24       0x32 Hal/EEPROM/EEPROM_program.o
                0x00000d24                EEPROMINT_WriteByte
 .text.EEPROMINT_ReadByte
                0x00000d56       0x22 Hal/EEPROM/EEPROM_program.o
                0x00000d56                EEPROMINT_ReadByte
 .text.HC05_Init
                0x00000d78        0x6 Hal/HC-05/HC05.o
                0x00000d78                HC05_Init
 .text.HC05_Rx  0x00000d7e        0x6 Hal/HC-05/HC05.o
                0x00000d7e                HC05_Rx
 .text.H_H_Bridge_Init
                0x00000d84       0x32 Hal/H_Bridge/H_Bridge.o
                0x00000d84                H_H_Bridge_Init
 .text.H_H_Bridge_CH1_EN
                0x00000db6       0x1a Hal/H_Bridge/H_Bridge.o
                0x00000db6                H_H_Bridge_CH1_EN
 .text.H_H_Bridge_CH1_Break
                0x00000dd0       0x1a Hal/H_Bridge/H_Bridge.o
                0x00000dd0                H_H_Bridge_CH1_Break
 .text.H_KeyPad_Init
                0x00000dea       0x82 Hal/KeyPad/KeyPad.o
                0x00000dea                H_KeyPad_Init
 .text.H_KeyPad_Read
                0x00000e6c       0xc6 Hal/KeyPad/KeyPad.o
                0x00000e6c                H_KeyPad_Read
 .text.H_Lcd_WriteCharacter
                0x00000f32       0x7c Hal/Lcd/Lcd.o
                0x00000f32                H_Lcd_WriteCharacter
 .text.H_Lcd_WriteCommand
                0x00000fae       0x7c Hal/Lcd/Lcd.o
                0x00000fae                H_Lcd_WriteCommand
 .text.H_Lcd_Init
                0x0000102a       0x78 Hal/Lcd/Lcd.o
                0x0000102a                H_Lcd_Init
 .text.H_Lcd_WriteString
                0x000010a2       0x26 Hal/Lcd/Lcd.o
                0x000010a2                H_Lcd_WriteString
 .text.H_Lcd_Clr
                0x000010c8        0x8 Hal/Lcd/Lcd.o
                0x000010c8                H_Lcd_Clr
 .text.H_Lcd_GoTo
                0x000010d0       0x30 Hal/Lcd/Lcd.o
                0x000010d0                H_Lcd_GoTo
 .text.H_Led_Init
                0x00001100       0x4c Hal/Led/Led.o
                0x00001100                H_Led_Init
 .text.H_Led_On
                0x0000114c       0x4c Hal/Led/Led.o
                0x0000114c                H_Led_On
 .text.H_Led_Off
                0x00001198       0x4c Hal/Led/Led.o
                0x00001198                H_Led_Off
 .text.M_ADC_INIT
                0x000011e4       0x26 Mcal/ADC/ADC.o
                0x000011e4                M_ADC_INIT
 .text.M_ADC_StartConversionAsynch
                0x0000120a       0x52 Mcal/ADC/ADC.o
                0x0000120a                M_ADC_StartConversionAsynch
 .text.__vector_16
                0x0000125c       0x6c Mcal/ADC/ADC.o
                0x0000125c                __vector_16
 .text.M_Dio_PinMode
                0x000012c8      0x112 Mcal/Dio/Dio.o
                0x000012c8                M_Dio_PinMode
 .text.M_Dio_PinPullRes
                0x000013da      0x112 Mcal/Dio/Dio.o
                0x000013da                M_Dio_PinPullRes
 .text.M_Dio_PinWrite
                0x000014ec      0x112 Mcal/Dio/Dio.o
                0x000014ec                M_Dio_PinWrite
 .text.M_Dio_PinRead
                0x000015fe       0x88 Mcal/Dio/Dio.o
                0x000015fe                M_Dio_PinRead
 .text.M_EXTI_PINMODE
                0x00001686       0x22 Mcal/EXTI/EXTI.o
                0x00001686                M_EXTI_PINMODE
 .text.M_EXTI_Init
                0x000016a8       0x36 Mcal/EXTI/EXTI.o
                0x000016a8                M_EXTI_Init
 .text.M_EXTI_CallBack
                0x000016de       0x1c Mcal/EXTI/EXTI.o
                0x000016de                M_EXTI_CallBack
 .text.__vector_1
                0x000016fa       0x52 Mcal/EXTI/EXTI.o
                0x000016fa                __vector_1
 .text.__vector_2
                0x0000174c       0x52 Mcal/EXTI/EXTI.o
                0x0000174c                __vector_2
 .text.__vector_3
                0x0000179e       0x52 Mcal/EXTI/EXTI.o
                0x0000179e                __vector_3
 .text.M_GIE_EnableGlobal
                0x000017f0        0x4 Mcal/GIE/GIE.o
                0x000017f0                M_GIE_EnableGlobal
 .text.TIMER0_Init
                0x000017f4       0x2a Mcal/TIMER/TIMER.o
                0x000017f4                TIMER0_Init
 .text.TIMER0_SetCompVal
                0x0000181e        0x4 Mcal/TIMER/TIMER.o
                0x0000181e                TIMER0_SetCompVal
 .text.__vector_11
                0x00001822       0x76 Mcal/TIMER/TIMER.o
                0x00001822                __vector_11
 .text.TIMER1_Init
                0x00001898       0x32 Mcal/TIMER/TIMER.o
                0x00001898                TIMER1_Init
 .text.M_Timer1_CallBackFn
                0x000018ca        0xa Mcal/TIMER/TIMER.o
                0x000018ca                M_Timer1_CallBackFn
 .text.__vector_9
                0x000018d4       0x52 Mcal/TIMER/TIMER.o
                0x000018d4                __vector_9
 .text.UART_Init
                0x00001926       0x24 Mcal/UART/UART.o
                0x00001926                UART_Init
 .text.UART_Tx  0x0000194a        0x8 Mcal/UART/UART.o
                0x0000194a                UART_Tx
 .text.UART_Rx  0x00001952       0x12 Mcal/UART/UART.o
                0x00001952                UART_Rx
 .text.UART_TxString
                0x00001964       0x38 Mcal/UART/UART.o
                0x00001964                UART_TxString
 .text.libgcc   0x0000199c        0xc c:/program files (x86)/atmel/studio/7.0/toolchain/avr8/avr8-gnu-toolchain/bin/../lib/gcc/avr/5.4.0/avr5\libgcc.a(_tablejump2.o)
                0x0000199c                __tablejump2__
 .text.libgcc.mul
                0x000019a8       0x1e c:/program files (x86)/atmel/studio/7.0/toolchain/avr8/avr8-gnu-toolchain/bin/../lib/gcc/avr/5.4.0/avr5\libgcc.a(_umulhisi3.o)
                0x000019a8                __umulhisi3
                0x000019c6                . = ALIGN (0x2)
 *(.fini9)
 .fini9         0x000019c6        0x0 c:/program files (x86)/atmel/studio/7.0/toolchain/avr8/avr8-gnu-toolchain/bin/../lib/gcc/avr/5.4.0/avr5\libgcc.a(_exit.o)
                0x000019c6                _exit
                0x000019c6                exit
 *(.fini9)
 *(.fini8)
 *(.fini8)
 *(.fini7)
 *(.fini7)
 *(.fini6)
 *(.fini6)
 *(.fini5)
 *(.fini5)
 *(.fini4)
 *(.fini4)
 *(.fini3)
 *(.fini3)
 *(.fini2)
 *(.fini2)
 *(.fini1)
 *(.fini1)
 *(.fini0)
 .fini0         0x000019c6        0x4 c:/program files (x86)/atmel/studio/7.0/toolchain/avr8/avr8-gnu-toolchain/bin/../lib/gcc/avr/5.4.0/avr5\libgcc.a(_exit.o)
 *(.fini0)
                0x000019ca                _etext = .

.data           0x00800060      0x29c load address 0x000019ca
                0x00800060                PROVIDE (__data_start, .)
 *(.data)
 *(.data*)
 .data.Local_u8_Trials.1975
                0x00800060        0x1 App/main.o
 *(.gnu.linkonce.d*)
 *(.rodata)
 .rodata        0x00800061       0x10 Hal/KeyPad/KeyPad.o
 *(.rodata*)
 .rodata.str1.1
                0x00800071      0x28a App/main.o
                                0x32b (size before relaxing)
 *(.gnu.linkonce.r*)
                0x008002fc                . = ALIGN (0x2)
 *fill*         0x008002fb        0x1 
                0x008002fc                _edata = .
                0x008002fc                PROVIDE (__data_end, .)

.bss            0x008002fc       0x1b
                0x008002fc                PROVIDE (__bss_start, .)
 *(.bss)
 *(.bss*)
 .bss.Local_u8_Variable6
                0x008002fc        0x1 App/main.o
                0x008002fc                Local_u8_Variable6
 .bss.Local_u8_Error
                0x008002fd        0x1 App/main.o
 .bss.Local_u8_Admin
                0x008002fe        0x1 App/main.o
 .bss.Gloable_u16_ADC_Reading
                0x008002ff        0x2 App/main.o
                0x008002ff                Gloable_u16_ADC_Reading
 .bss.Global_ADCBusyFlag
                0x00800301        0x1 Mcal/ADC/ADC.o
 .bss.Global_NotificationFunc
                0x00800302        0x2 Mcal/ADC/ADC.o
 .bss.Global_PointerResult
                0x00800304        0x2 Mcal/ADC/ADC.o
 .bss.CallBackFunc
                0x00800306        0x6 Mcal/EXTI/EXTI.o
 .bss.counter.1616
                0x0080030c        0x2 Mcal/TIMER/TIMER.o
 .bss.TIMER1_OVFCallBackFunc
                0x0080030e        0x2 Mcal/TIMER/TIMER.o
 .bss.TIMER0_OVFCallBackFunc
                0x00800310        0x2 Mcal/TIMER/TIMER.o
 *(COMMON)
 COMMON         0x00800312        0x5 App/main.o
                0x00800312                Gloable_u16_Analog_MV
                0x00800314                Gloable_u8_temp
                0x00800315                Gloable_u8_AC_Flag
                0x00800316                Local_u8_Variable13
                0x00800317                PROVIDE (__bss_end, .)
                0x000019ca                __data_load_start = LOADADDR (.data)
                0x00001c66                __data_load_end = (__data_load_start + SIZEOF (.data))

.noinit         0x00800317        0x0
                [!provide]                PROVIDE (__noinit_start, .)
 *(.noinit*)
                [!provide]                PROVIDE (__noinit_end, .)
                0x00800317                _end = .
                [!provide]                PROVIDE (__heap_start, .)

.eeprom         0x00810000        0x0
 *(.eeprom*)
                0x00810000                __eeprom_end = .

.fuse
 *(.fuse)
 *(.lfuse)
 *(.hfuse)
 *(.efuse)

.lock
 *(.lock*)

.signature
 *(.signature*)

.user_signatures
 *(.user_signatures*)

.stab
 *(.stab)

.stabstr
 *(.stabstr)

.stab.excl
 *(.stab.excl)

.stab.exclstr
 *(.stab.exclstr)

.stab.index
 *(.stab.index)

.stab.indexstr
 *(.stab.indexstr)

.comment        0x00000000       0x30
 *(.comment)
 .comment       0x00000000       0x30 App/main.o
                                 0x31 (size before relaxing)
 .comment       0x00000030       0x31 Hal/Buzzer/Buzzer.o
 .comment       0x00000030       0x31 Hal/EEPROM/EEPROM_program.o
 .comment       0x00000030       0x31 Hal/HC-05/HC05.o
 .comment       0x00000030       0x31 Hal/H_Bridge/H_Bridge.o
 .comment       0x00000030       0x31 Hal/KeyPad/KeyPad.o
 .comment       0x00000030       0x31 Hal/Lcd/Lcd.o
 .comment       0x00000030       0x31 Hal/Led/Led.o
 .comment       0x00000030       0x31 Mcal/ADC/ADC.o
 .comment       0x00000030       0x31 Mcal/Dio/Dio.o
 .comment       0x00000030       0x31 Mcal/EXTI/EXTI.o
 .comment       0x00000030       0x31 Mcal/GIE/GIE.o
 .comment       0x00000030       0x31 Mcal/TIMER/TIMER.o
 .comment       0x00000030       0x31 Mcal/UART/UART.o

.note.gnu.avr.deviceinfo
                0x00000000       0x3c
 .note.gnu.avr.deviceinfo
                0x00000000       0x3c C:/Program Files (x86)/Atmel/Studio/7.0/Packs/atmel/ATmega_DFP/1.7.374/gcc/dev/atmega32/avr5/crtatmega32.o

.note.gnu.build-id
 *(.note.gnu.build-id)

.debug
 *(.debug)

.line
 *(.line)

.debug_srcinfo
 *(.debug_srcinfo)

.debug_sfnames
 *(.debug_sfnames)

.debug_aranges  0x00000000      0x3f8
 *(.debug_aranges)
 .debug_aranges
                0x00000000       0x68 App/main.o
 .debug_aranges
                0x00000068       0x58 Hal/Buzzer/Buzzer.o
 .debug_aranges
                0x000000c0       0x38 Hal/EEPROM/EEPROM_program.o
 .debug_aranges
                0x000000f8       0x30 Hal/HC-05/HC05.o
 .debug_aranges
                0x00000128       0x50 Hal/H_Bridge/H_Bridge.o
 .debug_aranges
                0x00000178       0x28 Hal/KeyPad/KeyPad.o
 .debug_aranges
                0x000001a0       0x60 Hal/Lcd/Lcd.o
 .debug_aranges
                0x00000200       0x48 Hal/Led/Led.o
 .debug_aranges
                0x00000248       0x38 Mcal/ADC/ADC.o
 .debug_aranges
                0x00000280       0x50 Mcal/Dio/Dio.o
 .debug_aranges
                0x000002d0       0x60 Mcal/EXTI/EXTI.o
 .debug_aranges
                0x00000330       0x28 Mcal/GIE/GIE.o
 .debug_aranges
                0x00000358       0x68 Mcal/TIMER/TIMER.o
 .debug_aranges
                0x000003c0       0x38 Mcal/UART/UART.o

.debug_pubnames
 *(.debug_pubnames)

.debug_info     0x00000000     0x4acc
 *(.debug_info .gnu.linkonce.wi.*)
 .debug_info    0x00000000      0x4e6 C:/Program Files (x86)/Atmel/Studio/7.0/Packs/atmel/ATmega_DFP/1.7.374/gcc/dev/atmega32/avr5/crtatmega32.o
 .debug_info    0x000004e6     0x1ec1 App/main.o
 .debug_info    0x000023a7      0x37a Hal/Buzzer/Buzzer.o
 .debug_info    0x00002721      0x36a Hal/EEPROM/EEPROM_program.o
 .debug_info    0x00002a8b      0x136 Hal/HC-05/HC05.o
 .debug_info    0x00002bc1      0x375 Hal/H_Bridge/H_Bridge.o
 .debug_info    0x00002f36      0x3c4 Hal/KeyPad/KeyPad.o
 .debug_info    0x000032fa      0x765 Hal/Lcd/Lcd.o
 .debug_info    0x00003a5f      0x529 Hal/Led/Led.o
 .debug_info    0x00003f88      0x1ae Mcal/ADC/ADC.o
 .debug_info    0x00004136      0x266 Mcal/Dio/Dio.o
 .debug_info    0x0000439c      0x295 Mcal/EXTI/EXTI.o
 .debug_info    0x00004631       0x8e Mcal/GIE/GIE.o
 .debug_info    0x000046bf      0x205 Mcal/TIMER/TIMER.o
 .debug_info    0x000048c4      0x208 Mcal/UART/UART.o

.debug_abbrev   0x00000000     0x1302
 *(.debug_abbrev)
 .debug_abbrev  0x00000000      0x4a3 C:/Program Files (x86)/Atmel/Studio/7.0/Packs/atmel/ATmega_DFP/1.7.374/gcc/dev/atmega32/avr5/crtatmega32.o
 .debug_abbrev  0x000004a3      0x1e2 App/main.o
 .debug_abbrev  0x00000685       0xef Hal/Buzzer/Buzzer.o
 .debug_abbrev  0x00000774      0x179 Hal/EEPROM/EEPROM_program.o
 .debug_abbrev  0x000008ed       0xb2 Hal/HC-05/HC05.o
 .debug_abbrev  0x0000099f       0x71 Hal/H_Bridge/H_Bridge.o
 .debug_abbrev  0x00000a10      0x14a Hal/KeyPad/KeyPad.o
 .debug_abbrev  0x00000b5a      0x16b Hal/Lcd/Lcd.o
 .debug_abbrev  0x00000cc5      0x127 Hal/Led/Led.o
 .debug_abbrev  0x00000dec       0xc6 Mcal/ADC/ADC.o
 .debug_abbrev  0x00000eb2       0x9e Mcal/Dio/Dio.o
 .debug_abbrev  0x00000f50      0x11b Mcal/EXTI/EXTI.o
 .debug_abbrev  0x0000106b       0x39 Mcal/GIE/GIE.o
 .debug_abbrev  0x000010a4       0xe9 Mcal/TIMER/TIMER.o
 .debug_abbrev  0x0000118d      0x175 Mcal/UART/UART.o

.debug_line     0x00000000     0x28ef
 *(.debug_line .debug_line.* .debug_line_end)
 .debug_line    0x00000000      0x116 C:/Program Files (x86)/Atmel/Studio/7.0/Packs/atmel/ATmega_DFP/1.7.374/gcc/dev/atmega32/avr5/crtatmega32.o
 .debug_line    0x00000116      0xe11 App/main.o
 .debug_line    0x00000f27      0x21b Hal/Buzzer/Buzzer.o
 .debug_line    0x00001142      0x273 Hal/EEPROM/EEPROM_program.o
 .debug_line    0x000013b5       0xa3 Hal/HC-05/HC05.o
 .debug_line    0x00001458      0x14d Hal/H_Bridge/H_Bridge.o
 .debug_line    0x000015a5      0x234 Hal/KeyPad/KeyPad.o
 .debug_line    0x000017d9      0x38b Hal/Lcd/Lcd.o
 .debug_line    0x00001b64      0x27d Hal/Led/Led.o
 .debug_line    0x00001de1      0x1a6 Mcal/ADC/ADC.o
 .debug_line    0x00001f87      0x263 Mcal/Dio/Dio.o
 .debug_line    0x000021ea      0x31f Mcal/EXTI/EXTI.o
 .debug_line    0x00002509       0x5b Mcal/GIE/GIE.o
 .debug_line    0x00002564      0x1b4 Mcal/TIMER/TIMER.o
 .debug_line    0x00002718      0x1d7 Mcal/UART/UART.o

.debug_frame    0x00000000      0x8ec
 *(.debug_frame)
 .debug_frame   0x00000000       0xd0 App/main.o
 .debug_frame   0x000000d0       0x94 Hal/Buzzer/Buzzer.o
 .debug_frame   0x00000164       0x78 Hal/EEPROM/EEPROM_program.o
 .debug_frame   0x000001dc       0x44 Hal/HC-05/HC05.o
 .debug_frame   0x00000220       0x84 Hal/H_Bridge/H_Bridge.o
 .debug_frame   0x000002a4       0x54 Hal/KeyPad/KeyPad.o
 .debug_frame   0x000002f8      0x100 Hal/Lcd/Lcd.o
 .debug_frame   0x000003f8       0x7c Hal/Led/Led.o
 .debug_frame   0x00000474       0x9c Mcal/ADC/ADC.o
 .debug_frame   0x00000510       0x84 Mcal/Dio/Dio.o
 .debug_frame   0x00000594      0x17c Mcal/EXTI/EXTI.o
 .debug_frame   0x00000710       0x34 Mcal/GIE/GIE.o
 .debug_frame   0x00000744      0x144 Mcal/TIMER/TIMER.o
 .debug_frame   0x00000888       0x64 Mcal/UART/UART.o

.debug_str      0x00000000      0xf99
 *(.debug_str)
 .debug_str     0x00000000      0x196 C:/Program Files (x86)/Atmel/Studio/7.0/Packs/atmel/ATmega_DFP/1.7.374/gcc/dev/atmega32/avr5/crtatmega32.o
 .debug_str     0x00000196      0x689 App/main.o
                                0x6cb (size before relaxing)
 .debug_str     0x0000081f       0xc0 Hal/Buzzer/Buzzer.o
                                0x277 (size before relaxing)
 .debug_str     0x000008df      0x115 Hal/EEPROM/EEPROM_program.o
                                0x2f2 (size before relaxing)
 .debug_str     0x000009f4       0x3a Hal/HC-05/HC05.o
                                0x1c6 (size before relaxing)
 .debug_str     0x00000a2e       0x82 Hal/H_Bridge/H_Bridge.o
                                0x216 (size before relaxing)
 .debug_str     0x00000ab0       0x7d Hal/KeyPad/KeyPad.o
                                0x26b (size before relaxing)
 .debug_str     0x00000b2d       0xca Hal/Lcd/Lcd.o
                                0x314 (size before relaxing)
 .debug_str     0x00000bf7       0xb9 Hal/Led/Led.o
                                0x281 (size before relaxing)
 .debug_str     0x00000cb0       0xb5 Mcal/ADC/ADC.o
                                0x22d (size before relaxing)
 .debug_str     0x00000d65       0x6d Mcal/Dio/Dio.o
                                0x213 (size before relaxing)
 .debug_str     0x00000dd2       0x9f Mcal/EXTI/EXTI.o
                                0x27e (size before relaxing)
 .debug_str     0x00000e71       0x26 Mcal/GIE/GIE.o
                                0x179 (size before relaxing)
 .debug_str     0x00000e97       0xb7 Mcal/TIMER/TIMER.o
                                0x252 (size before relaxing)
 .debug_str     0x00000f4e       0x4b Mcal/UART/UART.o
                                0x286 (size before relaxing)

.debug_loc      0x00000000     0x2938
 *(.debug_loc)
 .debug_loc     0x00000000      0xe96 App/main.o
 .debug_loc     0x00000e96      0x168 Hal/Buzzer/Buzzer.o
 .debug_loc     0x00000ffe      0x235 Hal/EEPROM/EEPROM_program.o
 .debug_loc     0x00001233       0x21 Hal/HC-05/HC05.o
 .debug_loc     0x00001254      0x149 Hal/KeyPad/KeyPad.o
 .debug_loc     0x0000139d      0x552 Hal/Lcd/Lcd.o
 .debug_loc     0x000018ef      0x3a3 Hal/Led/Led.o
 .debug_loc     0x00001c92      0x22b Mcal/ADC/ADC.o
 .debug_loc     0x00001ebd      0x2f1 Mcal/Dio/Dio.o
 .debug_loc     0x000021ae      0x4fc Mcal/EXTI/EXTI.o
 .debug_loc     0x000026aa      0x196 Mcal/TIMER/TIMER.o
 .debug_loc     0x00002840       0xf8 Mcal/UART/UART.o

.debug_macinfo
 *(.debug_macinfo)

.debug_weaknames
 *(.debug_weaknames)

.debug_funcnames
 *(.debug_funcnames)

.debug_typenames
 *(.debug_typenames)

.debug_varnames
 *(.debug_varnames)

.debug_pubtypes
 *(.debug_pubtypes)

.debug_ranges   0x00000000      0x330
 *(.debug_ranges)
 .debug_ranges  0x00000000       0x58 App/main.o
 .debug_ranges  0x00000058       0x48 Hal/Buzzer/Buzzer.o
 .debug_ranges  0x000000a0       0x28 Hal/EEPROM/EEPROM_program.o
 .debug_ranges  0x000000c8       0x20 Hal/HC-05/HC05.o
 .debug_ranges  0x000000e8       0x40 Hal/H_Bridge/H_Bridge.o
 .debug_ranges  0x00000128       0x18 Hal/KeyPad/KeyPad.o
 .debug_ranges  0x00000140       0x50 Hal/Lcd/Lcd.o
 .debug_ranges  0x00000190       0x38 Hal/Led/Led.o
 .debug_ranges  0x000001c8       0x28 Mcal/ADC/ADC.o
 .debug_ranges  0x000001f0       0x40 Mcal/Dio/Dio.o
 .debug_ranges  0x00000230       0x50 Mcal/EXTI/EXTI.o
 .debug_ranges  0x00000280       0x18 Mcal/GIE/GIE.o
 .debug_ranges  0x00000298       0x58 Mcal/TIMER/TIMER.o
 .debug_ranges  0x000002f0       0x40 Mcal/UART/UART.o

.debug_macro
 *(.debug_macro)
OUTPUT(SmartHome.elf elf32-avr)
LOAD linker stubs
